Archive member included to satisfy reference by file (symbol)

c:/program files/microchip/xc8/v2.36/avr/bin/../lib/gcc/avr/5.4.0/../../../../avr/lib/avr5/memx-const\libm.a(divsf3.o)
                              TIMER0_interface.o (__divsf3)
c:/program files/microchip/xc8/v2.36/avr/bin/../lib/gcc/avr/5.4.0/../../../../avr/lib/avr5/memx-const\libm.a(divsf3x.o)
                              c:/program files/microchip/xc8/v2.36/avr/bin/../lib/gcc/avr/5.4.0/../../../../avr/lib/avr5/memx-const\libm.a(divsf3.o) (__divsf3x)
c:/program files/microchip/xc8/v2.36/avr/bin/../lib/gcc/avr/5.4.0/../../../../avr/lib/avr5/memx-const\libm.a(fixunssfsi.o)
                              main.o (__fixunssfsi)
c:/program files/microchip/xc8/v2.36/avr/bin/../lib/gcc/avr/5.4.0/../../../../avr/lib/avr5/memx-const\libm.a(floatsisf.o)
                              main.o (__floatunsisf)
c:/program files/microchip/xc8/v2.36/avr/bin/../lib/gcc/avr/5.4.0/../../../../avr/lib/avr5/memx-const\libm.a(fp_inf.o)
                              c:/program files/microchip/xc8/v2.36/avr/bin/../lib/gcc/avr/5.4.0/../../../../avr/lib/avr5/memx-const\libm.a(divsf3x.o) (__fp_inf)
c:/program files/microchip/xc8/v2.36/avr/bin/../lib/gcc/avr/5.4.0/../../../../avr/lib/avr5/memx-const\libm.a(fp_nan.o)
                              c:/program files/microchip/xc8/v2.36/avr/bin/../lib/gcc/avr/5.4.0/../../../../avr/lib/avr5/memx-const\libm.a(divsf3x.o) (__fp_nan)
c:/program files/microchip/xc8/v2.36/avr/bin/../lib/gcc/avr/5.4.0/../../../../avr/lib/avr5/memx-const\libm.a(fp_pscA.o)
                              c:/program files/microchip/xc8/v2.36/avr/bin/../lib/gcc/avr/5.4.0/../../../../avr/lib/avr5/memx-const\libm.a(divsf3x.o) (__fp_pscA)
c:/program files/microchip/xc8/v2.36/avr/bin/../lib/gcc/avr/5.4.0/../../../../avr/lib/avr5/memx-const\libm.a(fp_pscB.o)
                              c:/program files/microchip/xc8/v2.36/avr/bin/../lib/gcc/avr/5.4.0/../../../../avr/lib/avr5/memx-const\libm.a(divsf3x.o) (__fp_pscB)
c:/program files/microchip/xc8/v2.36/avr/bin/../lib/gcc/avr/5.4.0/../../../../avr/lib/avr5/memx-const\libm.a(fp_round.o)
                              c:/program files/microchip/xc8/v2.36/avr/bin/../lib/gcc/avr/5.4.0/../../../../avr/lib/avr5/memx-const\libm.a(divsf3.o) (__fp_round)
c:/program files/microchip/xc8/v2.36/avr/bin/../lib/gcc/avr/5.4.0/../../../../avr/lib/avr5/memx-const\libm.a(fp_split3.o)
                              c:/program files/microchip/xc8/v2.36/avr/bin/../lib/gcc/avr/5.4.0/../../../../avr/lib/avr5/memx-const\libm.a(divsf3x.o) (__fp_split3)
c:/program files/microchip/xc8/v2.36/avr/bin/../lib/gcc/avr/5.4.0/../../../../avr/lib/avr5/memx-const\libm.a(fp_zero.o)
                              c:/program files/microchip/xc8/v2.36/avr/bin/../lib/gcc/avr/5.4.0/../../../../avr/lib/avr5/memx-const\libm.a(fixunssfsi.o) (__fp_zero)
c:/program files/microchip/xc8/v2.36/avr/bin/../lib/gcc/avr/5.4.0/../../../../avr/lib/avr5/memx-const\libm.a(mulsf3.o)
                              main.o (__mulsf3)
c:/program files/microchip/xc8/v2.36/avr/bin/../lib/gcc/avr/5.4.0/../../../../avr/lib/avr5/memx-const\libm.a(mulsf3x.o)
                              c:/program files/microchip/xc8/v2.36/avr/bin/../lib/gcc/avr/5.4.0/../../../../avr/lib/avr5/memx-const\libm.a(mulsf3.o) (__mulsf3x)
c:/program files/microchip/xc8/v2.36/avr/bin/../lib/gcc/avr/5.4.0/avr5/memx-const\libgcc.a(_udivmodqi4.o)
                              main.o (__udivmodqi4)
c:/program files/microchip/xc8/v2.36/avr/bin/../lib/gcc/avr/5.4.0/avr5/memx-const\libgcc.a(_divmodhi4.o)
                              LCD_interface.o (__divmodhi4)
c:/program files/microchip/xc8/v2.36/avr/bin/../lib/gcc/avr/5.4.0/avr5/memx-const\libgcc.a(_copy_data.o)
                              KEYPAD_interface.o (__do_copy_data)
c:/program files/microchip/xc8/v2.36/avr/bin/../lib/gcc/avr/5.4.0/avr5/memx-const\libgcc.a(_umulhisi3.o)
                              ULTRASONIC_interface.o (__umulhisi3)
c:/program files/microchip/xc8/v2.36/avr/bin/../lib/gcc/avr/5.4.0/avr5/memx-const\libgcc.a(_udivmodhi4.o)
                              c:/program files/microchip/xc8/v2.36/avr/bin/../lib/gcc/avr/5.4.0/avr5/memx-const\libgcc.a(_divmodhi4.o) (__udivmodhi4)
c:/program files/microchip/xc8/v2.36/avr/bin/../lib/gcc/avr/5.4.0/../../../../avr/lib/avr5/memx-const\libc.a(exit.o)
                              C:/Program Files (x86)/Atmel/Studio/7.0/Packs/atmel/ATmega_DFP/1.7.374/xc8/avr/lib/avr5/memx-const/crtatmega32.o (exit)
c:/program files/microchip/xc8/v2.36/avr/bin/../lib/gcc/avr/5.4.0/../../../../avr/lib/avr5/memx-const\libc.a(_Exit.o)
                              c:/program files/microchip/xc8/v2.36/avr/bin/../lib/gcc/avr/5.4.0/../../../../avr/lib/avr5/memx-const\libc.a(exit.o) (_Exit)
c:/program files/microchip/xc8/v2.36/avr/bin/../lib/gcc/avr/5.4.0/avr5/memx-const\libgcc.a(_exit.o)
                              c:/program files/microchip/xc8/v2.36/avr/bin/../lib/gcc/avr/5.4.0/../../../../avr/lib/avr5/memx-const\libc.a(_Exit.o) (_exit)

Allocating common symbols
Common symbol       size              file

distance            0x2               ULTRASONIC_interface.o
val                 0x1               main.o

Discarded input sections

 .data          0x0000000000000000        0x0 C:/Program Files (x86)/Atmel/Studio/7.0/Packs/atmel/ATmega_DFP/1.7.374/xc8/avr/lib/avr5/memx-const/crtatmega32.o
 .bss           0x0000000000000000        0x0 C:/Program Files (x86)/Atmel/Studio/7.0/Packs/atmel/ATmega_DFP/1.7.374/xc8/avr/lib/avr5/memx-const/crtatmega32.o
 .text          0x0000000000000000        0x0 ADC_test_interface.o
 .data          0x0000000000000000        0x0 ADC_test_interface.o
 .bss           0x0000000000000000        0x0 ADC_test_interface.o
 .text          0x0000000000000000        0x0 buzzer_interface.o
 .data          0x0000000000000000        0x0 buzzer_interface.o
 .bss           0x0000000000000000        0x0 buzzer_interface.o
 .text          0x0000000000000000        0x0 DIO_interface.o
 .data          0x0000000000000000        0x0 DIO_interface.o
 .bss           0x0000000000000000        0x0 DIO_interface.o
 .text.DIO_Vid_Set_Port_Val
                0x0000000000000000       0x20 DIO_interface.o
 .text          0x0000000000000000        0x0 EXT_interface.o
 .data          0x0000000000000000        0x0 EXT_interface.o
 .bss           0x0000000000000000        0x0 EXT_interface.o
 .text.EXT_Vid_Enable_Interrupt1
                0x0000000000000000        0x8 EXT_interface.o
 .text.EXT_Vid_Enable_Interrupt2
                0x0000000000000000        0x8 EXT_interface.o
 .text.SET_CallBack
                0x0000000000000000        0xa EXT_interface.o
 .bss.ptr_set   0x0000000000000000        0x2 EXT_interface.o
 .text          0x0000000000000000        0x0 GIE_interface.o
 .data          0x0000000000000000        0x0 GIE_interface.o
 .bss           0x0000000000000000        0x0 GIE_interface.o
 .text.GIE_Vid_Interrupt_Disable
                0x0000000000000000        0x4 GIE_interface.o
 .text          0x0000000000000000        0x0 KEYPAD_interface.o
 .data          0x0000000000000000        0x0 KEYPAD_interface.o
 .bss           0x0000000000000000        0x0 KEYPAD_interface.o
 .text          0x0000000000000000        0x0 LCD_interface.o
 .data          0x0000000000000000        0x0 LCD_interface.o
 .bss           0x0000000000000000        0x0 LCD_interface.o
 .text.LCD_Vid_Set_Custom_Char
                0x0000000000000000       0x34 LCD_interface.o
 .text.LCD_Vid_Send_Custom_Char
                0x0000000000000000       0x56 LCD_interface.o
 .text          0x0000000000000000        0x0 main.o
 .data          0x0000000000000000        0x0 main.o
 .bss           0x0000000000000000        0x0 main.o
 .text          0x0000000000000000        0x0 Tim1_interface.o
 .data          0x0000000000000000        0x0 Tim1_interface.o
 .bss           0x0000000000000000        0x0 Tim1_interface.o
 .text          0x0000000000000000        0x0 TIMER0_interface.o
 .data          0x0000000000000000        0x0 TIMER0_interface.o
 .bss           0x0000000000000000        0x0 TIMER0_interface.o
 .text.TIMER0_Vid_DelayMs
                0x0000000000000000       0x46 TIMER0_interface.o
 .text.TIMER0_Vid_DelayUs
                0x0000000000000000       0x46 TIMER0_interface.o
 .text.TIMER0_Vid_FastPWM
                0x0000000000000000       0x50 TIMER0_interface.o
 .text          0x0000000000000000        0x0 uart_inteface.o
 .data          0x0000000000000000        0x0 uart_inteface.o
 .bss           0x0000000000000000        0x0 uart_inteface.o
 .text.UART_Vid_TX
                0x0000000000000000        0x8 uart_inteface.o
 .text          0x0000000000000000        0x0 ULTRASONIC_interface.o
 .data          0x0000000000000000        0x0 ULTRASONIC_interface.o
 .bss           0x0000000000000000        0x0 ULTRASONIC_interface.o
 .text          0x0000000000000000        0x8 c:/program files/microchip/xc8/v2.36/avr/bin/../lib/gcc/avr/5.4.0/../../../../avr/lib/avr5/memx-const\libm.a(divsf3.o)
 .data          0x0000000000000000        0x0 c:/program files/microchip/xc8/v2.36/avr/bin/../lib/gcc/avr/5.4.0/../../../../avr/lib/avr5/memx-const\libm.a(divsf3.o)
 .bss           0x0000000000000000        0x0 c:/program files/microchip/xc8/v2.36/avr/bin/../lib/gcc/avr/5.4.0/../../../../avr/lib/avr5/memx-const\libm.a(divsf3.o)
 .stack.descriptors.hdr
                0x0000000000000000        0xe c:/program files/microchip/xc8/v2.36/avr/bin/../lib/gcc/avr/5.4.0/../../../../avr/lib/avr5/memx-const\libm.a(divsf3.o)
 .stack.descriptors
                0x0000000000000000       0x16 c:/program files/microchip/xc8/v2.36/avr/bin/../lib/gcc/avr/5.4.0/../../../../avr/lib/avr5/memx-const\libm.a(divsf3.o)
 .note.GNU-stack
                0x0000000000000000        0x0 c:/program files/microchip/xc8/v2.36/avr/bin/../lib/gcc/avr/5.4.0/../../../../avr/lib/avr5/memx-const\libm.a(divsf3.o)
 .text          0x0000000000000000       0xde c:/program files/microchip/xc8/v2.36/avr/bin/../lib/gcc/avr/5.4.0/../../../../avr/lib/avr5/memx-const\libm.a(divsf3x.o)
 .data          0x0000000000000000        0x0 c:/program files/microchip/xc8/v2.36/avr/bin/../lib/gcc/avr/5.4.0/../../../../avr/lib/avr5/memx-const\libm.a(divsf3x.o)
 .bss           0x0000000000000000        0x0 c:/program files/microchip/xc8/v2.36/avr/bin/../lib/gcc/avr/5.4.0/../../../../avr/lib/avr5/memx-const\libm.a(divsf3x.o)
 .stack.descriptors.hdr
                0x0000000000000000        0xe c:/program files/microchip/xc8/v2.36/avr/bin/../lib/gcc/avr/5.4.0/../../../../avr/lib/avr5/memx-const\libm.a(divsf3x.o)
 .stack.descriptors
                0x0000000000000000       0x31 c:/program files/microchip/xc8/v2.36/avr/bin/../lib/gcc/avr/5.4.0/../../../../avr/lib/avr5/memx-const\libm.a(divsf3x.o)
 .note.GNU-stack
                0x0000000000000000        0x0 c:/program files/microchip/xc8/v2.36/avr/bin/../lib/gcc/avr/5.4.0/../../../../avr/lib/avr5/memx-const\libm.a(divsf3x.o)
 .data          0x0000000000000000        0x0 c:/program files/microchip/xc8/v2.36/avr/bin/../lib/gcc/avr/5.4.0/../../../../avr/lib/avr5/memx-const\libm.a(fixunssfsi.o)
 .bss           0x0000000000000000        0x0 c:/program files/microchip/xc8/v2.36/avr/bin/../lib/gcc/avr/5.4.0/../../../../avr/lib/avr5/memx-const\libm.a(fixunssfsi.o)
 .stack.descriptors
                0x0000000000000000       0x1a c:/program files/microchip/xc8/v2.36/avr/bin/../lib/gcc/avr/5.4.0/../../../../avr/lib/avr5/memx-const\libm.a(fixunssfsi.o)
 .data          0x0000000000000000        0x0 c:/program files/microchip/xc8/v2.36/avr/bin/../lib/gcc/avr/5.4.0/../../../../avr/lib/avr5/memx-const\libm.a(floatsisf.o)
 .bss           0x0000000000000000        0x0 c:/program files/microchip/xc8/v2.36/avr/bin/../lib/gcc/avr/5.4.0/../../../../avr/lib/avr5/memx-const\libm.a(floatsisf.o)
 .stack.descriptors
                0x0000000000000000       0x34 c:/program files/microchip/xc8/v2.36/avr/bin/../lib/gcc/avr/5.4.0/../../../../avr/lib/avr5/memx-const\libm.a(floatsisf.o)
 .data          0x0000000000000000        0x0 c:/program files/microchip/xc8/v2.36/avr/bin/../lib/gcc/avr/5.4.0/../../../../avr/lib/avr5/memx-const\libm.a(fp_inf.o)
 .bss           0x0000000000000000        0x0 c:/program files/microchip/xc8/v2.36/avr/bin/../lib/gcc/avr/5.4.0/../../../../avr/lib/avr5/memx-const\libm.a(fp_inf.o)
 .stack.descriptors
                0x0000000000000000       0x16 c:/program files/microchip/xc8/v2.36/avr/bin/../lib/gcc/avr/5.4.0/../../../../avr/lib/avr5/memx-const\libm.a(fp_inf.o)
 .data          0x0000000000000000        0x0 c:/program files/microchip/xc8/v2.36/avr/bin/../lib/gcc/avr/5.4.0/../../../../avr/lib/avr5/memx-const\libm.a(fp_nan.o)
 .bss           0x0000000000000000        0x0 c:/program files/microchip/xc8/v2.36/avr/bin/../lib/gcc/avr/5.4.0/../../../../avr/lib/avr5/memx-const\libm.a(fp_nan.o)
 .stack.descriptors
                0x0000000000000000       0x16 c:/program files/microchip/xc8/v2.36/avr/bin/../lib/gcc/avr/5.4.0/../../../../avr/lib/avr5/memx-const\libm.a(fp_nan.o)
 .data          0x0000000000000000        0x0 c:/program files/microchip/xc8/v2.36/avr/bin/../lib/gcc/avr/5.4.0/../../../../avr/lib/avr5/memx-const\libm.a(fp_pscA.o)
 .bss           0x0000000000000000        0x0 c:/program files/microchip/xc8/v2.36/avr/bin/../lib/gcc/avr/5.4.0/../../../../avr/lib/avr5/memx-const\libm.a(fp_pscA.o)
 .stack.descriptors
                0x0000000000000000       0x17 c:/program files/microchip/xc8/v2.36/avr/bin/../lib/gcc/avr/5.4.0/../../../../avr/lib/avr5/memx-const\libm.a(fp_pscA.o)
 .data          0x0000000000000000        0x0 c:/program files/microchip/xc8/v2.36/avr/bin/../lib/gcc/avr/5.4.0/../../../../avr/lib/avr5/memx-const\libm.a(fp_pscB.o)
 .bss           0x0000000000000000        0x0 c:/program files/microchip/xc8/v2.36/avr/bin/../lib/gcc/avr/5.4.0/../../../../avr/lib/avr5/memx-const\libm.a(fp_pscB.o)
 .stack.descriptors
                0x0000000000000000       0x17 c:/program files/microchip/xc8/v2.36/avr/bin/../lib/gcc/avr/5.4.0/../../../../avr/lib/avr5/memx-const\libm.a(fp_pscB.o)
 .data          0x0000000000000000        0x0 c:/program files/microchip/xc8/v2.36/avr/bin/../lib/gcc/avr/5.4.0/../../../../avr/lib/avr5/memx-const\libm.a(fp_round.o)
 .bss           0x0000000000000000        0x0 c:/program files/microchip/xc8/v2.36/avr/bin/../lib/gcc/avr/5.4.0/../../../../avr/lib/avr5/memx-const\libm.a(fp_round.o)
 .stack.descriptors
                0x0000000000000000       0x18 c:/program files/microchip/xc8/v2.36/avr/bin/../lib/gcc/avr/5.4.0/../../../../avr/lib/avr5/memx-const\libm.a(fp_round.o)
 .data          0x0000000000000000        0x0 c:/program files/microchip/xc8/v2.36/avr/bin/../lib/gcc/avr/5.4.0/../../../../avr/lib/avr5/memx-const\libm.a(fp_split3.o)
 .bss           0x0000000000000000        0x0 c:/program files/microchip/xc8/v2.36/avr/bin/../lib/gcc/avr/5.4.0/../../../../avr/lib/avr5/memx-const\libm.a(fp_split3.o)
 .stack.descriptors
                0x0000000000000000       0x32 c:/program files/microchip/xc8/v2.36/avr/bin/../lib/gcc/avr/5.4.0/../../../../avr/lib/avr5/memx-const\libm.a(fp_split3.o)
 .data          0x0000000000000000        0x0 c:/program files/microchip/xc8/v2.36/avr/bin/../lib/gcc/avr/5.4.0/../../../../avr/lib/avr5/memx-const\libm.a(fp_zero.o)
 .bss           0x0000000000000000        0x0 c:/program files/microchip/xc8/v2.36/avr/bin/../lib/gcc/avr/5.4.0/../../../../avr/lib/avr5/memx-const\libm.a(fp_zero.o)
 .stack.descriptors
                0x0000000000000000       0x2f c:/program files/microchip/xc8/v2.36/avr/bin/../lib/gcc/avr/5.4.0/../../../../avr/lib/avr5/memx-const\libm.a(fp_zero.o)
 .data          0x0000000000000000        0x0 c:/program files/microchip/xc8/v2.36/avr/bin/../lib/gcc/avr/5.4.0/../../../../avr/lib/avr5/memx-const\libm.a(mulsf3.o)
 .bss           0x0000000000000000        0x0 c:/program files/microchip/xc8/v2.36/avr/bin/../lib/gcc/avr/5.4.0/../../../../avr/lib/avr5/memx-const\libm.a(mulsf3.o)
 .stack.descriptors
                0x0000000000000000       0x16 c:/program files/microchip/xc8/v2.36/avr/bin/../lib/gcc/avr/5.4.0/../../../../avr/lib/avr5/memx-const\libm.a(mulsf3.o)
 .data          0x0000000000000000        0x0 c:/program files/microchip/xc8/v2.36/avr/bin/../lib/gcc/avr/5.4.0/../../../../avr/lib/avr5/memx-const\libm.a(mulsf3x.o)
 .bss           0x0000000000000000        0x0 c:/program files/microchip/xc8/v2.36/avr/bin/../lib/gcc/avr/5.4.0/../../../../avr/lib/avr5/memx-const\libm.a(mulsf3x.o)
 .stack.descriptors
                0x0000000000000000       0x31 c:/program files/microchip/xc8/v2.36/avr/bin/../lib/gcc/avr/5.4.0/../../../../avr/lib/avr5/memx-const\libm.a(mulsf3x.o)
 .text          0x0000000000000000        0x0 c:/program files/microchip/xc8/v2.36/avr/bin/../lib/gcc/avr/5.4.0/avr5/memx-const\libgcc.a(_udivmodqi4.o)
 .data          0x0000000000000000        0x0 c:/program files/microchip/xc8/v2.36/avr/bin/../lib/gcc/avr/5.4.0/avr5/memx-const\libgcc.a(_udivmodqi4.o)
 .bss           0x0000000000000000        0x0 c:/program files/microchip/xc8/v2.36/avr/bin/../lib/gcc/avr/5.4.0/avr5/memx-const\libgcc.a(_udivmodqi4.o)
 .text.libgcc.mul
                0x0000000000000000        0x0 c:/program files/microchip/xc8/v2.36/avr/bin/../lib/gcc/avr/5.4.0/avr5/memx-const\libgcc.a(_udivmodqi4.o)
 .stack.descriptors
                0x0000000000000000       0x1a c:/program files/microchip/xc8/v2.36/avr/bin/../lib/gcc/avr/5.4.0/avr5/memx-const\libgcc.a(_udivmodqi4.o)
 .text.libgcc   0x0000000000000000        0x0 c:/program files/microchip/xc8/v2.36/avr/bin/../lib/gcc/avr/5.4.0/avr5/memx-const\libgcc.a(_udivmodqi4.o)
 .text.libgcc.prologue
                0x0000000000000000        0x0 c:/program files/microchip/xc8/v2.36/avr/bin/../lib/gcc/avr/5.4.0/avr5/memx-const\libgcc.a(_udivmodqi4.o)
 .text.libgcc.builtins
                0x0000000000000000        0x0 c:/program files/microchip/xc8/v2.36/avr/bin/../lib/gcc/avr/5.4.0/avr5/memx-const\libgcc.a(_udivmodqi4.o)
 .text.libgcc.fmul
                0x0000000000000000        0x0 c:/program files/microchip/xc8/v2.36/avr/bin/../lib/gcc/avr/5.4.0/avr5/memx-const\libgcc.a(_udivmodqi4.o)
 .text.libgcc.fixed
                0x0000000000000000        0x0 c:/program files/microchip/xc8/v2.36/avr/bin/../lib/gcc/avr/5.4.0/avr5/memx-const\libgcc.a(_udivmodqi4.o)
 .text          0x0000000000000000        0x0 c:/program files/microchip/xc8/v2.36/avr/bin/../lib/gcc/avr/5.4.0/avr5/memx-const\libgcc.a(_divmodhi4.o)
 .data          0x0000000000000000        0x0 c:/program files/microchip/xc8/v2.36/avr/bin/../lib/gcc/avr/5.4.0/avr5/memx-const\libgcc.a(_divmodhi4.o)
 .bss           0x0000000000000000        0x0 c:/program files/microchip/xc8/v2.36/avr/bin/../lib/gcc/avr/5.4.0/avr5/memx-const\libgcc.a(_divmodhi4.o)
 .text.libgcc.mul
                0x0000000000000000        0x0 c:/program files/microchip/xc8/v2.36/avr/bin/../lib/gcc/avr/5.4.0/avr5/memx-const\libgcc.a(_divmodhi4.o)
 .stack.descriptors
                0x0000000000000000       0x19 c:/program files/microchip/xc8/v2.36/avr/bin/../lib/gcc/avr/5.4.0/avr5/memx-const\libgcc.a(_divmodhi4.o)
 .text.libgcc   0x0000000000000000        0x0 c:/program files/microchip/xc8/v2.36/avr/bin/../lib/gcc/avr/5.4.0/avr5/memx-const\libgcc.a(_divmodhi4.o)
 .text.libgcc.prologue
                0x0000000000000000        0x0 c:/program files/microchip/xc8/v2.36/avr/bin/../lib/gcc/avr/5.4.0/avr5/memx-const\libgcc.a(_divmodhi4.o)
 .text.libgcc.builtins
                0x0000000000000000        0x0 c:/program files/microchip/xc8/v2.36/avr/bin/../lib/gcc/avr/5.4.0/avr5/memx-const\libgcc.a(_divmodhi4.o)
 .text.libgcc.fmul
                0x0000000000000000        0x0 c:/program files/microchip/xc8/v2.36/avr/bin/../lib/gcc/avr/5.4.0/avr5/memx-const\libgcc.a(_divmodhi4.o)
 .text.libgcc.fixed
                0x0000000000000000        0x0 c:/program files/microchip/xc8/v2.36/avr/bin/../lib/gcc/avr/5.4.0/avr5/memx-const\libgcc.a(_divmodhi4.o)
 .text          0x0000000000000000        0x0 c:/program files/microchip/xc8/v2.36/avr/bin/../lib/gcc/avr/5.4.0/avr5/memx-const\libgcc.a(_copy_data.o)
 .data          0x0000000000000000        0x0 c:/program files/microchip/xc8/v2.36/avr/bin/../lib/gcc/avr/5.4.0/avr5/memx-const\libgcc.a(_copy_data.o)
 .bss           0x0000000000000000        0x0 c:/program files/microchip/xc8/v2.36/avr/bin/../lib/gcc/avr/5.4.0/avr5/memx-const\libgcc.a(_copy_data.o)
 .text.libgcc.mul
                0x0000000000000000        0x0 c:/program files/microchip/xc8/v2.36/avr/bin/../lib/gcc/avr/5.4.0/avr5/memx-const\libgcc.a(_copy_data.o)
 .text.libgcc.div
                0x0000000000000000        0x0 c:/program files/microchip/xc8/v2.36/avr/bin/../lib/gcc/avr/5.4.0/avr5/memx-const\libgcc.a(_copy_data.o)
 .text.libgcc   0x0000000000000000        0x0 c:/program files/microchip/xc8/v2.36/avr/bin/../lib/gcc/avr/5.4.0/avr5/memx-const\libgcc.a(_copy_data.o)
 .text.libgcc.prologue
                0x0000000000000000        0x0 c:/program files/microchip/xc8/v2.36/avr/bin/../lib/gcc/avr/5.4.0/avr5/memx-const\libgcc.a(_copy_data.o)
 .text.libgcc.builtins
                0x0000000000000000        0x0 c:/program files/microchip/xc8/v2.36/avr/bin/../lib/gcc/avr/5.4.0/avr5/memx-const\libgcc.a(_copy_data.o)
 .text.libgcc.fmul
                0x0000000000000000        0x0 c:/program files/microchip/xc8/v2.36/avr/bin/../lib/gcc/avr/5.4.0/avr5/memx-const\libgcc.a(_copy_data.o)
 .text.libgcc.fixed
                0x0000000000000000        0x0 c:/program files/microchip/xc8/v2.36/avr/bin/../lib/gcc/avr/5.4.0/avr5/memx-const\libgcc.a(_copy_data.o)
 .text          0x0000000000000000        0x0 c:/program files/microchip/xc8/v2.36/avr/bin/../lib/gcc/avr/5.4.0/avr5/memx-const\libgcc.a(_umulhisi3.o)
 .data          0x0000000000000000        0x0 c:/program files/microchip/xc8/v2.36/avr/bin/../lib/gcc/avr/5.4.0/avr5/memx-const\libgcc.a(_umulhisi3.o)
 .bss           0x0000000000000000        0x0 c:/program files/microchip/xc8/v2.36/avr/bin/../lib/gcc/avr/5.4.0/avr5/memx-const\libgcc.a(_umulhisi3.o)
 .stack.descriptors
                0x0000000000000000       0x19 c:/program files/microchip/xc8/v2.36/avr/bin/../lib/gcc/avr/5.4.0/avr5/memx-const\libgcc.a(_umulhisi3.o)
 .text.libgcc.div
                0x0000000000000000        0x0 c:/program files/microchip/xc8/v2.36/avr/bin/../lib/gcc/avr/5.4.0/avr5/memx-const\libgcc.a(_umulhisi3.o)
 .text.libgcc   0x0000000000000000        0x0 c:/program files/microchip/xc8/v2.36/avr/bin/../lib/gcc/avr/5.4.0/avr5/memx-const\libgcc.a(_umulhisi3.o)
 .text.libgcc.prologue
                0x0000000000000000        0x0 c:/program files/microchip/xc8/v2.36/avr/bin/../lib/gcc/avr/5.4.0/avr5/memx-const\libgcc.a(_umulhisi3.o)
 .text.libgcc.builtins
                0x0000000000000000        0x0 c:/program files/microchip/xc8/v2.36/avr/bin/../lib/gcc/avr/5.4.0/avr5/memx-const\libgcc.a(_umulhisi3.o)
 .text.libgcc.fmul
                0x0000000000000000        0x0 c:/program files/microchip/xc8/v2.36/avr/bin/../lib/gcc/avr/5.4.0/avr5/memx-const\libgcc.a(_umulhisi3.o)
 .text.libgcc.fixed
                0x0000000000000000        0x0 c:/program files/microchip/xc8/v2.36/avr/bin/../lib/gcc/avr/5.4.0/avr5/memx-const\libgcc.a(_umulhisi3.o)
 .text          0x0000000000000000        0x0 c:/program files/microchip/xc8/v2.36/avr/bin/../lib/gcc/avr/5.4.0/avr5/memx-const\libgcc.a(_udivmodhi4.o)
 .data          0x0000000000000000        0x0 c:/program files/microchip/xc8/v2.36/avr/bin/../lib/gcc/avr/5.4.0/avr5/memx-const\libgcc.a(_udivmodhi4.o)
 .bss           0x0000000000000000        0x0 c:/program files/microchip/xc8/v2.36/avr/bin/../lib/gcc/avr/5.4.0/avr5/memx-const\libgcc.a(_udivmodhi4.o)
 .text.libgcc.mul
                0x0000000000000000        0x0 c:/program files/microchip/xc8/v2.36/avr/bin/../lib/gcc/avr/5.4.0/avr5/memx-const\libgcc.a(_udivmodhi4.o)
 .stack.descriptors
                0x0000000000000000       0x1a c:/program files/microchip/xc8/v2.36/avr/bin/../lib/gcc/avr/5.4.0/avr5/memx-const\libgcc.a(_udivmodhi4.o)
 .text.libgcc   0x0000000000000000        0x0 c:/program files/microchip/xc8/v2.36/avr/bin/../lib/gcc/avr/5.4.0/avr5/memx-const\libgcc.a(_udivmodhi4.o)
 .text.libgcc.prologue
                0x0000000000000000        0x0 c:/program files/microchip/xc8/v2.36/avr/bin/../lib/gcc/avr/5.4.0/avr5/memx-const\libgcc.a(_udivmodhi4.o)
 .text.libgcc.builtins
                0x0000000000000000        0x0 c:/program files/microchip/xc8/v2.36/avr/bin/../lib/gcc/avr/5.4.0/avr5/memx-const\libgcc.a(_udivmodhi4.o)
 .text.libgcc.fmul
                0x0000000000000000        0x0 c:/program files/microchip/xc8/v2.36/avr/bin/../lib/gcc/avr/5.4.0/avr5/memx-const\libgcc.a(_udivmodhi4.o)
 .text.libgcc.fixed
                0x0000000000000000        0x0 c:/program files/microchip/xc8/v2.36/avr/bin/../lib/gcc/avr/5.4.0/avr5/memx-const\libgcc.a(_udivmodhi4.o)
 .text          0x0000000000000000        0x0 c:/program files/microchip/xc8/v2.36/avr/bin/../lib/gcc/avr/5.4.0/../../../../avr/lib/avr5/memx-const\libc.a(exit.o)
 .data          0x0000000000000000        0x0 c:/program files/microchip/xc8/v2.36/avr/bin/../lib/gcc/avr/5.4.0/../../../../avr/lib/avr5/memx-const\libc.a(exit.o)
 .bss           0x0000000000000000        0x0 c:/program files/microchip/xc8/v2.36/avr/bin/../lib/gcc/avr/5.4.0/../../../../avr/lib/avr5/memx-const\libc.a(exit.o)
 .text          0x0000000000000000        0x0 c:/program files/microchip/xc8/v2.36/avr/bin/../lib/gcc/avr/5.4.0/../../../../avr/lib/avr5/memx-const\libc.a(_Exit.o)
 .data          0x0000000000000000        0x0 c:/program files/microchip/xc8/v2.36/avr/bin/../lib/gcc/avr/5.4.0/../../../../avr/lib/avr5/memx-const\libc.a(_Exit.o)
 .bss           0x0000000000000000        0x0 c:/program files/microchip/xc8/v2.36/avr/bin/../lib/gcc/avr/5.4.0/../../../../avr/lib/avr5/memx-const\libc.a(_Exit.o)
 .text          0x0000000000000000        0x0 c:/program files/microchip/xc8/v2.36/avr/bin/../lib/gcc/avr/5.4.0/avr5/memx-const\libgcc.a(_exit.o)
 .data          0x0000000000000000        0x0 c:/program files/microchip/xc8/v2.36/avr/bin/../lib/gcc/avr/5.4.0/avr5/memx-const\libgcc.a(_exit.o)
 .bss           0x0000000000000000        0x0 c:/program files/microchip/xc8/v2.36/avr/bin/../lib/gcc/avr/5.4.0/avr5/memx-const\libgcc.a(_exit.o)
 .text.libgcc.mul
                0x0000000000000000        0x0 c:/program files/microchip/xc8/v2.36/avr/bin/../lib/gcc/avr/5.4.0/avr5/memx-const\libgcc.a(_exit.o)
 .text.libgcc.div
                0x0000000000000000        0x0 c:/program files/microchip/xc8/v2.36/avr/bin/../lib/gcc/avr/5.4.0/avr5/memx-const\libgcc.a(_exit.o)
 .text.libgcc   0x0000000000000000        0x0 c:/program files/microchip/xc8/v2.36/avr/bin/../lib/gcc/avr/5.4.0/avr5/memx-const\libgcc.a(_exit.o)
 .text.libgcc.prologue
                0x0000000000000000        0x0 c:/program files/microchip/xc8/v2.36/avr/bin/../lib/gcc/avr/5.4.0/avr5/memx-const\libgcc.a(_exit.o)
 .stack.descriptors
                0x0000000000000000       0x13 c:/program files/microchip/xc8/v2.36/avr/bin/../lib/gcc/avr/5.4.0/avr5/memx-const\libgcc.a(_exit.o)
 .text.libgcc.builtins
                0x0000000000000000        0x0 c:/program files/microchip/xc8/v2.36/avr/bin/../lib/gcc/avr/5.4.0/avr5/memx-const\libgcc.a(_exit.o)
 .text.libgcc.fmul
                0x0000000000000000        0x0 c:/program files/microchip/xc8/v2.36/avr/bin/../lib/gcc/avr/5.4.0/avr5/memx-const\libgcc.a(_exit.o)
 .text.libgcc.fixed
                0x0000000000000000        0x0 c:/program files/microchip/xc8/v2.36/avr/bin/../lib/gcc/avr/5.4.0/avr5/memx-const\libgcc.a(_exit.o)

Memory Configuration

Name             Origin             Length             Attributes
text             0x0000000000000000 0x0000000000008000 xr
data             0x0000000000800060 0x0000000000000800 rw !x
eeprom           0x0000000000810000 0x0000000000000400 rw !x
fuse             0x0000000000820000 0x0000000000000002 rw !x
lock             0x0000000000830000 0x0000000000000400 rw !x
signature        0x0000000000840000 0x0000000000000400 rw !x
user_signatures  0x0000000000850000 0x0000000000000400 rw !x
*default*        0x0000000000000000 0xffffffffffffffff

Linker script and memory map

LOAD C:/Program Files (x86)/Atmel/Studio/7.0/Packs/atmel/ATmega_DFP/1.7.374/xc8/avr/lib/avr5/memx-const/crtatmega32.o
LOAD ADC_test_interface.o
LOAD buzzer_interface.o
LOAD DIO_interface.o
LOAD EXT_interface.o
LOAD GIE_interface.o
LOAD KEYPAD_interface.o
LOAD LCD_interface.o
LOAD main.o
LOAD Tim1_interface.o
LOAD TIMER0_interface.o
LOAD uart_inteface.o
LOAD ULTRASONIC_interface.o
START GROUP
LOAD c:/program files/microchip/xc8/v2.36/avr/bin/../lib/gcc/avr/5.4.0/../../../../avr/lib/avr5/memx-const\libm.a
END GROUP
START GROUP
LOAD c:/program files/microchip/xc8/v2.36/avr/bin/../lib/gcc/avr/5.4.0/avr5/memx-const\libgcc.a
LOAD c:/program files/microchip/xc8/v2.36/avr/bin/../lib/gcc/avr/5.4.0/../../../../avr/lib/avr5/memx-const\libm.a
LOAD c:/program files/microchip/xc8/v2.36/avr/bin/../lib/gcc/avr/5.4.0/../../../../avr/lib/avr5/memx-const\libc.a
LOAD C:/Program Files (x86)/Atmel/Studio/7.0/Packs/atmel/ATmega_DFP/1.7.374/xc8/avr/lib/avr5/memx-const\libatmega32.a
END GROUP
                0x0000000000000000                __TEXT_REGION_ORIGIN__ = DEFINED (__TEXT_REGION_ORIGIN__)?__TEXT_REGION_ORIGIN__:0x0
                [0x0000000000800060]                __DATA_REGION_ORIGIN__ = DEFINED (__DATA_REGION_ORIGIN__)?__DATA_REGION_ORIGIN__:0x800060
                [0x0000000000008000]                __TEXT_REGION_LENGTH__ = DEFINED (__TEXT_REGION_LENGTH__)?__TEXT_REGION_LENGTH__:0x20000
                [0x0000000000000800]                __DATA_REGION_LENGTH__ = DEFINED (__DATA_REGION_LENGTH__)?__DATA_REGION_LENGTH__:0xffa0
                [0x0000000000000400]                __EEPROM_REGION_LENGTH__ = DEFINED (__EEPROM_REGION_LENGTH__)?__EEPROM_REGION_LENGTH__:0x10000
                [0x0000000000000002]                __FUSE_REGION_LENGTH__ = DEFINED (__FUSE_REGION_LENGTH__)?__FUSE_REGION_LENGTH__:0x400
                0x0000000000000400                __LOCK_REGION_LENGTH__ = DEFINED (__LOCK_REGION_LENGTH__)?__LOCK_REGION_LENGTH__:0x400
                0x0000000000000400                __SIGNATURE_REGION_LENGTH__ = DEFINED (__SIGNATURE_REGION_LENGTH__)?__SIGNATURE_REGION_LENGTH__:0x400
                0x0000000000000400                __USER_SIGNATURE_REGION_LENGTH__ = DEFINED (__USER_SIGNATURE_REGION_LENGTH__)?__USER_SIGNATURE_REGION_LENGTH__:0x400

.hash
 *(.hash)

.dynsym
 *(.dynsym)

.dynstr
 *(.dynstr)

.gnu.version
 *(.gnu.version)

.gnu.version_d
 *(.gnu.version_d)

.gnu.version_r
 *(.gnu.version_r)

.rel.init
 *(.rel.init)

.rela.init
 *(.rela.init)

.rel.text
 *(.rel.text)
 *(.rel.text.*)
 *(.rel.gnu.linkonce.t*)

.rela.text
 *(.rela.text)
 *(.rela.text.*)
 *(.rela.gnu.linkonce.t*)

.rel.fini
 *(.rel.fini)

.rela.fini
 *(.rela.fini)

.rel.rodata
 *(.rel.rodata)
 *(.rel.rodata.*)
 *(.rel.gnu.linkonce.r*)

.rela.rodata
 *(.rela.rodata)
 *(.rela.rodata.*)
 *(.rela.gnu.linkonce.r*)

.rel.data
 *(.rel.data)
 *(.rel.data.*)
 *(.rel.gnu.linkonce.d*)

.rela.data
 *(.rela.data)
 *(.rela.data.*)
 *(.rela.gnu.linkonce.d*)

.rel.ctors
 *(.rel.ctors)

.rela.ctors
 *(.rela.ctors)

.rel.dtors
 *(.rel.dtors)

.rela.dtors
 *(.rela.dtors)

.rel.got
 *(.rel.got)

.rela.got
 *(.rela.got)

.rel.bss
 *(.rel.bss)

.rela.bss
 *(.rela.bss)

.rel.plt
 *(.rel.plt)

.rela.plt
 *(.rela.plt)

.text           0x0000000000000000       0xba
 *(.vectors)
 .vectors       0x0000000000000000       0x54 C:/Program Files (x86)/Atmel/Studio/7.0/Packs/atmel/ATmega_DFP/1.7.374/xc8/avr/lib/avr5/memx-const/crtatmega32.o
                0x0000000000000000                __vector_default
                0x0000000000000000                __vectors
 *(.vectors)
 *(.progmem.gcc*)
 *(.dinit)
 .dinit         0x0000000000000054       0x11 data_init
                0x0000000000000066                . = ALIGN (0x2)
 *fill*         0x0000000000000065        0x1 
                0x0000000000000066                __trampolines_start = .
 *(.trampolines)
 .trampolines   0x0000000000000066        0x0 linker stubs
 *(.trampolines*)
                0x0000000000000066                __trampolines_end = .
 *libprintf_flt.a:*(.progmem.data)
 *libc.a:*(.progmem.data)
                0x0000000000000066                . = ALIGN (0x2)
 *(.jumptables)
 *(.jumptables*)
 *(.lowtext)
 *(.lowtext*)
                0x0000000000000066                __ctors_start = .
 *(.ctors)
                0x0000000000000066                __ctors_end = .
                0x0000000000000066                __dtors_start = .
 *(.dtors)
                0x0000000000000066                __dtors_end = .
 SORT(*)(.ctors)
 SORT(*)(.dtors)
 *(.init0)
 .init0         0x0000000000000066        0x0 C:/Program Files (x86)/Atmel/Studio/7.0/Packs/atmel/ATmega_DFP/1.7.374/xc8/avr/lib/avr5/memx-const/crtatmega32.o
                0x0000000000000066                __init
 *(.init0)
 *(.init1)
 *(.init1)
 *(.init2)
 .init2         0x0000000000000066        0xc C:/Program Files (x86)/Atmel/Studio/7.0/Packs/atmel/ATmega_DFP/1.7.374/xc8/avr/lib/avr5/memx-const/crtatmega32.o
 *(.init2)
 *(.init3)
 *(.init3)
 *(.init4)
 .init4         0x0000000000000072       0x3c c:/program files/microchip/xc8/v2.36/avr/bin/../lib/gcc/avr/5.4.0/avr5/memx-const\libgcc.a(_copy_data.o)
                0x0000000000000072                __do_copy_data
                0x00000000000000a0                __do_clear_bss
 *(.init4)
 *(.init5)
 *(.init5)
 *(.init6)
 *(.init6)
 *(.init7)
 *(.init7)
 *(.init8)
 *(.init8)
 *(.init9)
 .init9         0x00000000000000ae        0x8 C:/Program Files (x86)/Atmel/Studio/7.0/Packs/atmel/ATmega_DFP/1.7.374/xc8/avr/lib/avr5/memx-const/crtatmega32.o
 *(.init9)
                0x00000000000000b6                . = ALIGN (0x2)
 *(.fini9)
 .fini9         0x00000000000000b6        0x0 c:/program files/microchip/xc8/v2.36/avr/bin/../lib/gcc/avr/5.4.0/avr5/memx-const\libgcc.a(_exit.o)
                0x00000000000000b6                _exit
 *(.fini9)
 *(.fini8)
 *(.fini8)
 *(.fini7)
 *(.fini7)
 *(.fini6)
 *(.fini6)
 *(.fini5)
 *(.fini5)
 *(.fini4)
 *(.fini4)
 *(.fini3)
 *(.fini3)
 *(.fini2)
 *(.fini2)
 *(.fini1)
 *(.fini1)
 *(.fini0)
 .fini0         0x00000000000000b6        0x4 c:/program files/microchip/xc8/v2.36/avr/bin/../lib/gcc/avr/5.4.0/avr5/memx-const\libgcc.a(_exit.o)
 *(.fini0)
                0x00000000000000ba                _etext = .

.data           0x0000000000800060        0x0 load address 0x00000000000000ba
                [!provide]                        PROVIDE (__data_start, .)
 *(.gnu.linkonce.d*)
 *(.gnu.linkonce.r*)
                0x0000000000800060                . = ALIGN (0x2)
 *fill*         0x0000000000800060        0x0 
                0x0000000000800060                _edata = .
                [!provide]                        PROVIDE (__data_end, .)

.bss            0x0000000000800060        0x3
                [!provide]                        PROVIDE (__bss_start, .)
 *(COMMON)
 COMMON         0x0000000000800060        0x1 main.o
                0x0000000000800060                val
 COMMON         0x0000000000800061        0x2 ULTRASONIC_interface.o
                0x0000000000800061                distance
                [!provide]                        PROVIDE (__bss_end, .)
                0x00000000000000ba                __data_load_start = LOADADDR (.data)
                0x00000000000000ba                __data_load_end = (__data_load_start + SIZEOF (.data))

.noinit         0x0000000000800063        0x0
                [!provide]                        PROVIDE (__noinit_start, .)
 *(.noinit*)
                [!provide]                        PROVIDE (__noinit_end, .)
                0x0000000000800063                _end = .

.eeprom         0x0000000000810000        0x0
 *(.eeprom*)
                0x0000000000810000                __eeprom_end = .

.fuse
 *(.fuse)
 *(.lfuse)
 *(.hfuse)
 *(.efuse)

.lock
 *(.lock*)

.signature
 *(.signature*)

.user_signatures
 *(.user_signatures*)

.stab
 *(.stab)

.stabstr
 *(.stabstr)

.stab.excl
 *(.stab.excl)

.stab.exclstr
 *(.stab.exclstr)

.stab.index
 *(.stab.index)

.stab.indexstr
 *(.stab.indexstr)

.comment        0x0000000000000000       0x2f
 *(.comment)
 .comment       0x0000000000000000       0x2f ADC_test_interface.o
                                         0x30 (size before relaxing)
 .comment       0x000000000000002f       0x30 buzzer_interface.o
 .comment       0x000000000000002f       0x30 DIO_interface.o
 .comment       0x000000000000002f       0x30 EXT_interface.o
 .comment       0x000000000000002f       0x30 GIE_interface.o
 .comment       0x000000000000002f       0x30 KEYPAD_interface.o
 .comment       0x000000000000002f       0x30 LCD_interface.o
 .comment       0x000000000000002f       0x30 main.o
 .comment       0x000000000000002f       0x30 Tim1_interface.o
 .comment       0x000000000000002f       0x30 TIMER0_interface.o
 .comment       0x000000000000002f       0x30 uart_inteface.o
 .comment       0x000000000000002f       0x30 ULTRASONIC_interface.o
 .comment       0x000000000000002f       0x30 c:/program files/microchip/xc8/v2.36/avr/bin/../lib/gcc/avr/5.4.0/../../../../avr/lib/avr5/memx-const\libc.a(exit.o)
 .comment       0x000000000000002f       0x30 c:/program files/microchip/xc8/v2.36/avr/bin/../lib/gcc/avr/5.4.0/../../../../avr/lib/avr5/memx-const\libc.a(_Exit.o)

.stack.descriptors.hdr
                0x0000000000000000       0xe0
 .stack.descriptors.hdr
                0x0000000000000000        0xe c:/program files/microchip/xc8/v2.36/avr/bin/../lib/gcc/avr/5.4.0/../../../../avr/lib/avr5/memx-const\libm.a(fixunssfsi.o)
 .stack.descriptors.hdr
                0x000000000000000e        0xe c:/program files/microchip/xc8/v2.36/avr/bin/../lib/gcc/avr/5.4.0/../../../../avr/lib/avr5/memx-const\libm.a(floatsisf.o)
 .stack.descriptors.hdr
                0x000000000000001c        0xe c:/program files/microchip/xc8/v2.36/avr/bin/../lib/gcc/avr/5.4.0/../../../../avr/lib/avr5/memx-const\libm.a(fp_inf.o)
 .stack.descriptors.hdr
                0x000000000000002a        0xe c:/program files/microchip/xc8/v2.36/avr/bin/../lib/gcc/avr/5.4.0/../../../../avr/lib/avr5/memx-const\libm.a(fp_nan.o)
 .stack.descriptors.hdr
                0x0000000000000038        0xe c:/program files/microchip/xc8/v2.36/avr/bin/../lib/gcc/avr/5.4.0/../../../../avr/lib/avr5/memx-const\libm.a(fp_pscA.o)
 .stack.descriptors.hdr
                0x0000000000000046        0xe c:/program files/microchip/xc8/v2.36/avr/bin/../lib/gcc/avr/5.4.0/../../../../avr/lib/avr5/memx-const\libm.a(fp_pscB.o)
 .stack.descriptors.hdr
                0x0000000000000054        0xe c:/program files/microchip/xc8/v2.36/avr/bin/../lib/gcc/avr/5.4.0/../../../../avr/lib/avr5/memx-const\libm.a(fp_round.o)
 .stack.descriptors.hdr
                0x0000000000000062        0xe c:/program files/microchip/xc8/v2.36/avr/bin/../lib/gcc/avr/5.4.0/../../../../avr/lib/avr5/memx-const\libm.a(fp_split3.o)
 .stack.descriptors.hdr
                0x0000000000000070        0xe c:/program files/microchip/xc8/v2.36/avr/bin/../lib/gcc/avr/5.4.0/../../../../avr/lib/avr5/memx-const\libm.a(fp_zero.o)
 .stack.descriptors.hdr
                0x000000000000007e        0xe c:/program files/microchip/xc8/v2.36/avr/bin/../lib/gcc/avr/5.4.0/../../../../avr/lib/avr5/memx-const\libm.a(mulsf3.o)
 .stack.descriptors.hdr
                0x000000000000008c        0xe c:/program files/microchip/xc8/v2.36/avr/bin/../lib/gcc/avr/5.4.0/../../../../avr/lib/avr5/memx-const\libm.a(mulsf3x.o)
 .stack.descriptors.hdr
                0x000000000000009a        0xe c:/program files/microchip/xc8/v2.36/avr/bin/../lib/gcc/avr/5.4.0/avr5/memx-const\libgcc.a(_udivmodqi4.o)
 .stack.descriptors.hdr
                0x00000000000000a8        0xe c:/program files/microchip/xc8/v2.36/avr/bin/../lib/gcc/avr/5.4.0/avr5/memx-const\libgcc.a(_divmodhi4.o)
 .stack.descriptors.hdr
                0x00000000000000b6        0xe c:/program files/microchip/xc8/v2.36/avr/bin/../lib/gcc/avr/5.4.0/avr5/memx-const\libgcc.a(_umulhisi3.o)
 .stack.descriptors.hdr
                0x00000000000000c4        0xe c:/program files/microchip/xc8/v2.36/avr/bin/../lib/gcc/avr/5.4.0/avr5/memx-const\libgcc.a(_udivmodhi4.o)
 .stack.descriptors.hdr
                0x00000000000000d2        0xe c:/program files/microchip/xc8/v2.36/avr/bin/../lib/gcc/avr/5.4.0/avr5/memx-const\libgcc.a(_exit.o)

.note.GNU-stack
                0x0000000000000000        0x0
 .note.GNU-stack
                0x0000000000000000        0x0 c:/program files/microchip/xc8/v2.36/avr/bin/../lib/gcc/avr/5.4.0/../../../../avr/lib/avr5/memx-const\libm.a(fixunssfsi.o)
 .note.GNU-stack
                0x0000000000000000        0x0 c:/program files/microchip/xc8/v2.36/avr/bin/../lib/gcc/avr/5.4.0/../../../../avr/lib/avr5/memx-const\libm.a(floatsisf.o)
 .note.GNU-stack
                0x0000000000000000        0x0 c:/program files/microchip/xc8/v2.36/avr/bin/../lib/gcc/avr/5.4.0/../../../../avr/lib/avr5/memx-const\libm.a(fp_inf.o)
 .note.GNU-stack
                0x0000000000000000        0x0 c:/program files/microchip/xc8/v2.36/avr/bin/../lib/gcc/avr/5.4.0/../../../../avr/lib/avr5/memx-const\libm.a(fp_nan.o)
 .note.GNU-stack
                0x0000000000000000        0x0 c:/program files/microchip/xc8/v2.36/avr/bin/../lib/gcc/avr/5.4.0/../../../../avr/lib/avr5/memx-const\libm.a(fp_pscA.o)
 .note.GNU-stack
                0x0000000000000000        0x0 c:/program files/microchip/xc8/v2.36/avr/bin/../lib/gcc/avr/5.4.0/../../../../avr/lib/avr5/memx-const\libm.a(fp_pscB.o)
 .note.GNU-stack
                0x0000000000000000        0x0 c:/program files/microchip/xc8/v2.36/avr/bin/../lib/gcc/avr/5.4.0/../../../../avr/lib/avr5/memx-const\libm.a(fp_round.o)
 .note.GNU-stack
                0x0000000000000000        0x0 c:/program files/microchip/xc8/v2.36/avr/bin/../lib/gcc/avr/5.4.0/../../../../avr/lib/avr5/memx-const\libm.a(fp_split3.o)
 .note.GNU-stack
                0x0000000000000000        0x0 c:/program files/microchip/xc8/v2.36/avr/bin/../lib/gcc/avr/5.4.0/../../../../avr/lib/avr5/memx-const\libm.a(fp_zero.o)
 .note.GNU-stack
                0x0000000000000000        0x0 c:/program files/microchip/xc8/v2.36/avr/bin/../lib/gcc/avr/5.4.0/../../../../avr/lib/avr5/memx-const\libm.a(mulsf3.o)
 .note.GNU-stack
                0x0000000000000000        0x0 c:/program files/microchip/xc8/v2.36/avr/bin/../lib/gcc/avr/5.4.0/../../../../avr/lib/avr5/memx-const\libm.a(mulsf3x.o)
 .note.GNU-stack
                0x0000000000000000        0x0 c:/program files/microchip/xc8/v2.36/avr/bin/../lib/gcc/avr/5.4.0/../../../../avr/lib/avr5/memx-const\libc.a(exit.o)
 .note.GNU-stack
                0x0000000000000000        0x0 c:/program files/microchip/xc8/v2.36/avr/bin/../lib/gcc/avr/5.4.0/../../../../avr/lib/avr5/memx-const\libc.a(_Exit.o)

.note.gnu.build-id
 *(.note.gnu.build-id)

.debug
 *(.debug)

.line
 *(.line)

.debug_srcinfo
 *(.debug_srcinfo)

.debug_sfnames
 *(.debug_sfnames)

.debug_aranges  0x0000000000000000      0x2a0
 *(.debug_aranges)
 .debug_aranges
                0x0000000000000000       0x28 ADC_test_interface.o
 .debug_aranges
                0x0000000000000028       0x30 buzzer_interface.o
 .debug_aranges
                0x0000000000000058       0x40 DIO_interface.o
 .debug_aranges
                0x0000000000000098       0x48 EXT_interface.o
 .debug_aranges
                0x00000000000000e0       0x28 GIE_interface.o
 .debug_aranges
                0x0000000000000108       0x28 KEYPAD_interface.o
 .debug_aranges
                0x0000000000000130       0x68 LCD_interface.o
 .debug_aranges
                0x0000000000000198       0x40 main.o
 .debug_aranges
                0x00000000000001d8       0x28 Tim1_interface.o
 .debug_aranges
                0x0000000000000200       0x38 TIMER0_interface.o
 .debug_aranges
                0x0000000000000238       0x30 uart_inteface.o
 .debug_aranges
                0x0000000000000268       0x38 ULTRASONIC_interface.o

.debug_pubnames
 *(.debug_pubnames)

.debug_info     0x0000000000000000     0x42dd
 *(.debug_info .gnu.linkonce.wi.*)
 .debug_info    0x0000000000000000      0x4e6 C:/Program Files (x86)/Atmel/Studio/7.0/Packs/atmel/ATmega_DFP/1.7.374/xc8/avr/lib/avr5/memx-const/crtatmega32.o
 .debug_info    0x00000000000004e6      0x2d1 ADC_test_interface.o
 .debug_info    0x00000000000007b7      0x331 buzzer_interface.o
 .debug_info    0x0000000000000ae8      0x3f3 DIO_interface.o
 .debug_info    0x0000000000000edb      0x382 EXT_interface.o
 .debug_info    0x000000000000125d      0x2bb GIE_interface.o
 .debug_info    0x0000000000001518      0x4c0 KEYPAD_interface.o
 .debug_info    0x00000000000019d8      0x989 LCD_interface.o
 .debug_info    0x0000000000002361      0xfbc main.o
 .debug_info    0x000000000000331d      0x2ef Tim1_interface.o
 .debug_info    0x000000000000360c      0x38e TIMER0_interface.o
 .debug_info    0x000000000000399a      0x2f6 uart_inteface.o
 .debug_info    0x0000000000003c90      0x64d ULTRASONIC_interface.o

.debug_abbrev   0x0000000000000000      0xec5
 *(.debug_abbrev)
 .debug_abbrev  0x0000000000000000      0x4a3 C:/Program Files (x86)/Atmel/Studio/7.0/Packs/atmel/ATmega_DFP/1.7.374/xc8/avr/lib/avr5/memx-const/crtatmega32.o
 .debug_abbrev  0x00000000000004a3       0x6d ADC_test_interface.o
 .debug_abbrev  0x0000000000000510       0x62 buzzer_interface.o
 .debug_abbrev  0x0000000000000572       0xa9 DIO_interface.o
 .debug_abbrev  0x000000000000061b       0xa8 EXT_interface.o
 .debug_abbrev  0x00000000000006c3       0x46 GIE_interface.o
 .debug_abbrev  0x0000000000000709       0xd7 KEYPAD_interface.o
 .debug_abbrev  0x00000000000007e0      0x1c0 LCD_interface.o
 .debug_abbrev  0x00000000000009a0      0x204 main.o
 .debug_abbrev  0x0000000000000ba4       0x6b Tim1_interface.o
 .debug_abbrev  0x0000000000000c0f       0xa7 TIMER0_interface.o
 .debug_abbrev  0x0000000000000cb6       0x96 uart_inteface.o
 .debug_abbrev  0x0000000000000d4c      0x179 ULTRASONIC_interface.o

.debug_line     0x0000000000000000     0x155f
 *(.debug_line .debug_line.* .debug_line_end)
 .debug_line    0x0000000000000000      0x119 C:/Program Files (x86)/Atmel/Studio/7.0/Packs/atmel/ATmega_DFP/1.7.374/xc8/avr/lib/avr5/memx-const/crtatmega32.o
 .debug_line    0x0000000000000119       0xb8 ADC_test_interface.o
 .debug_line    0x00000000000001d1       0x8a buzzer_interface.o
 .debug_line    0x000000000000025b      0x188 DIO_interface.o
 .debug_line    0x00000000000003e3       0xda EXT_interface.o
 .debug_line    0x00000000000004bd       0x6a GIE_interface.o
 .debug_line    0x0000000000000527      0x15e KEYPAD_interface.o
 .debug_line    0x0000000000000685      0x3d8 LCD_interface.o
 .debug_line    0x0000000000000a5d      0x5d0 main.o
 .debug_line    0x000000000000102d       0xa3 Tim1_interface.o
 .debug_line    0x00000000000010d0      0x17b TIMER0_interface.o
 .debug_line    0x000000000000124b       0xb4 uart_inteface.o
 .debug_line    0x00000000000012ff      0x260 ULTRASONIC_interface.o

.debug_frame    0x0000000000000000      0x56c
 *(.debug_frame)
 .debug_frame   0x0000000000000000       0x34 ADC_test_interface.o
 .debug_frame   0x0000000000000034       0x44 buzzer_interface.o
 .debug_frame   0x0000000000000078       0x64 DIO_interface.o
 .debug_frame   0x00000000000000dc       0x80 EXT_interface.o
 .debug_frame   0x000000000000015c       0x34 GIE_interface.o
 .debug_frame   0x0000000000000190       0x88 KEYPAD_interface.o
 .debug_frame   0x0000000000000218      0x150 LCD_interface.o
 .debug_frame   0x0000000000000368       0x80 main.o
 .debug_frame   0x00000000000003e8       0x34 Tim1_interface.o
 .debug_frame   0x000000000000041c       0x54 TIMER0_interface.o
 .debug_frame   0x0000000000000470       0x44 uart_inteface.o
 .debug_frame   0x00000000000004b4       0xb8 ULTRASONIC_interface.o

.debug_str      0x0000000000000000      0x4fa
 *(.debug_str)
 .debug_str     0x0000000000000000      0x196 C:/Program Files (x86)/Atmel/Studio/7.0/Packs/atmel/ATmega_DFP/1.7.374/xc8/avr/lib/avr5/memx-const/crtatmega32.o
 .debug_str     0x0000000000000196        0x0 ADC_test_interface.o
 .debug_str     0x0000000000000196       0x28 buzzer_interface.o
 .debug_str     0x00000000000001be       0x31 DIO_interface.o
 .debug_str     0x00000000000001ef        0x0 EXT_interface.o
 .debug_str     0x00000000000001ef        0x0 GIE_interface.o
 .debug_str     0x00000000000001ef       0x59 KEYPAD_interface.o
 .debug_str     0x0000000000000248       0x5c LCD_interface.o
 .debug_str     0x00000000000002a4      0x188 main.o
 .debug_str     0x000000000000042c        0x0 Tim1_interface.o
 .debug_str     0x000000000000042c        0xf TIMER0_interface.o
 .debug_str     0x000000000000043b        0x0 uart_inteface.o
 .debug_str     0x000000000000043b       0xbf ULTRASONIC_interface.o

.debug_loc      0x0000000000000000     0x16fb
 *(.debug_loc)
 .debug_loc     0x0000000000000000       0x21 ADC_test_interface.o
 .debug_loc     0x0000000000000021      0x2a0 DIO_interface.o
 .debug_loc     0x00000000000002c1       0x2f EXT_interface.o
 .debug_loc     0x00000000000002f0      0x1c7 KEYPAD_interface.o
 .debug_loc     0x00000000000004b7      0x721 LCD_interface.o
 .debug_loc     0x0000000000000bd8      0x7cb main.o
 .debug_loc     0x00000000000013a3      0x11a TIMER0_interface.o
 .debug_loc     0x00000000000014bd      0x23e ULTRASONIC_interface.o

.debug_macinfo
 *(.debug_macinfo)

.debug_weaknames
 *(.debug_weaknames)

.debug_funcnames
 *(.debug_funcnames)

.debug_typenames
 *(.debug_typenames)

.debug_varnames
 *(.debug_varnames)

.debug_pubtypes
 *(.debug_pubtypes)

.debug_ranges   0x0000000000000000      0x1e0
 *(.debug_ranges)
 .debug_ranges  0x0000000000000000       0x18 ADC_test_interface.o
 .debug_ranges  0x0000000000000018       0x20 buzzer_interface.o
 .debug_ranges  0x0000000000000038       0x30 DIO_interface.o
 .debug_ranges  0x0000000000000068       0x38 EXT_interface.o
 .debug_ranges  0x00000000000000a0       0x18 GIE_interface.o
 .debug_ranges  0x00000000000000b8       0x18 KEYPAD_interface.o
 .debug_ranges  0x00000000000000d0       0x58 LCD_interface.o
 .debug_ranges  0x0000000000000128       0x30 main.o
 .debug_ranges  0x0000000000000158       0x18 Tim1_interface.o
 .debug_ranges  0x0000000000000170       0x28 TIMER0_interface.o
 .debug_ranges  0x0000000000000198       0x20 uart_inteface.o
 .debug_ranges  0x00000000000001b8       0x28 ULTRASONIC_interface.o

.debug_macro
 *(.debug_macro)
OUTPUT(Final Project For College.elf elf32-avr)
LOAD linker stubs
LOAD data_init

.note.gnu.avr.deviceinfo
                0x0000000000000000       0x3c
 .note.gnu.avr.deviceinfo
                0x0000000000000000       0x3c C:/Program Files (x86)/Atmel/Studio/7.0/Packs/atmel/ATmega_DFP/1.7.374/xc8/avr/lib/avr5/memx-const/crtatmega32.o

.bss.timer_counter
                0x0000000000800073        0x2
 .bss.timer_counter
                0x0000000000800073        0x2 ULTRASONIC_interface.o
                0x0000000000800073                timer_counter

.bss.rising_edge
                0x0000000000800075        0x1
 .bss.rising_edge
                0x0000000000800075        0x1 ULTRASONIC_interface.o
                0x0000000000800075                rising_edge

.bss.pulse_flag
                0x0000000000800076        0x1
 .bss.pulse_flag
                0x0000000000800076        0x1 ULTRASONIC_interface.o
                0x0000000000800076                pulse_flag

.progmemx.data  0x00000000000000ba       0xcf
 .progmemx.data
                0x00000000000000ba       0xcf main.o

.text.password  0x000000000000018a      0x1f8
 .text.password
                0x000000000000018a      0x1f8 main.o
                0x000000000000018a                password

.text.main      0x0000000000000382      0x140
 .text.main     0x0000000000000382      0x140 main.o
                0x0000000000000382                main

.text.__vector_1
                0x00000000000004c2      0x12a
 .text.__vector_1
                0x00000000000004c2      0x12a ULTRASONIC_interface.o
                0x00000000000004c2                __vector_1

.text.calculator
                0x00000000000005ec      0x106
 .text.calculator
                0x00000000000005ec      0x106 main.o
                0x00000000000005ec                calculator

.text.LCD_Vid_Send_Number
                0x00000000000006f2       0xfa
 .text.LCD_Vid_Send_Number
                0x00000000000006f2       0xfa LCD_interface.o
                0x00000000000006f2                LCD_Vid_Send_Number

.text.KEYPAD_u8_Get_Key
                0x00000000000007ec       0xe4
 .text.KEYPAD_u8_Get_Key
                0x00000000000007ec       0xe4 KEYPAD_interface.o
                0x00000000000007ec                KEYPAD_u8_Get_Key

.text.DIO_Vid_Set_Pin_Dir
                0x00000000000008d0       0xe2
 .text.DIO_Vid_Set_Pin_Dir
                0x00000000000008d0       0xe2 DIO_interface.o
                0x00000000000008d0                DIO_Vid_Set_Pin_Dir

.text.DIO_Vid_Set_Pin_Val
                0x00000000000009b2       0xe2
 .text.DIO_Vid_Set_Pin_Val
                0x00000000000009b2       0xe2 DIO_interface.o
                0x00000000000009b2                DIO_Vid_Set_Pin_Val

.text           0x0000000000000a94       0xd4
 .text          0x0000000000000a94       0xd4 c:/program files/microchip/xc8/v2.36/avr/bin/../lib/gcc/avr/5.4.0/../../../../avr/lib/avr5/memx-const\libm.a(mulsf3x.o)
                0x0000000000000a94                __mulsf3x
                0x0000000000000aba                __mulsf3_pse

.text.KEYPAD_Vid_Init
                0x0000000000000b68       0xa2
 .text.KEYPAD_Vid_Init
                0x0000000000000b68       0xa2 KEYPAD_interface.o
                0x0000000000000b68                KEYPAD_Vid_Init

.text           0x0000000000000c0a       0x7a
 .text          0x0000000000000c0a       0x7a c:/program files/microchip/xc8/v2.36/avr/bin/../lib/gcc/avr/5.4.0/../../../../avr/lib/avr5/memx-const\libm.a(floatsisf.o)
                0x0000000000000c0a                __floatunsisf
                0x0000000000000c0e                __floatsisf

.text.parkingSensor
                0x0000000000000c84       0x68
 .text.parkingSensor
                0x0000000000000c84       0x68 main.o
                0x0000000000000c84                parkingSensor

.text.SHDATA    0x0000000000000cec       0x64
 .text.SHDATA   0x0000000000000cec       0x64 LCD_interface.o

.text           0x0000000000000d50       0x5e
 .text          0x0000000000000d50       0x5e c:/program files/microchip/xc8/v2.36/avr/bin/../lib/gcc/avr/5.4.0/../../../../avr/lib/avr5/memx-const\libm.a(fixunssfsi.o)
                0x0000000000000d50                __fixunssfsi

.text.DIO_u8_Get_Pin_Val
                0x0000000000000dae       0x5c
 .text.DIO_u8_Get_Pin_Val
                0x0000000000000dae       0x5c DIO_interface.o
                0x0000000000000dae                DIO_u8_Get_Pin_Val

.text.tempSensor
                0x0000000000000e0a       0x5a
 .text.tempSensor
                0x0000000000000e0a       0x5a main.o
                0x0000000000000e0a                tempSensor

.text.__vector_11
                0x0000000000000e64       0x4a
 .text.__vector_11
                0x0000000000000e64       0x4a ULTRASONIC_interface.o
                0x0000000000000e64                __vector_11

.text           0x0000000000000eae       0x44
 .text          0x0000000000000eae       0x44 c:/program files/microchip/xc8/v2.36/avr/bin/../lib/gcc/avr/5.4.0/../../../../avr/lib/avr5/memx-const\libm.a(fp_split3.o)
                0x0000000000000eae                __fp_split3
                0x0000000000000ebe                __fp_splitA

.text.Tim1_Vid_Fast_Pwm_ICR1_Init
                0x0000000000000ef2       0x40
 .text.Tim1_Vid_Fast_Pwm_ICR1_Init
                0x0000000000000ef2       0x40 Tim1_interface.o
                0x0000000000000ef2                Tim1_Vid_Fast_Pwm_ICR1_Init

.text.LCD_Vid_Init
                0x0000000000000f32       0x3e
 .text.LCD_Vid_Init
                0x0000000000000f32       0x3e LCD_interface.o
                0x0000000000000f32                LCD_Vid_Init

.text.LCD_Vid_Send_String
                0x0000000000000f70       0x36
 .text.LCD_Vid_Send_String
                0x0000000000000f70       0x36 LCD_interface.o
                0x0000000000000f70                LCD_Vid_Send_String

.text.TIMER0_Vid_Init
                0x0000000000000fa6       0x36
 .text.TIMER0_Vid_Init
                0x0000000000000fa6       0x36 TIMER0_interface.o
                0x0000000000000fa6                TIMER0_Vid_Init

.text.LCD_Vid_Send_Command
                0x0000000000000fdc       0x34
 .text.LCD_Vid_Send_Command
                0x0000000000000fdc       0x34 LCD_interface.o
                0x0000000000000fdc                LCD_Vid_Send_Command

.text.LCD_Vid_Send_Data
                0x0000000000001010       0x34
 .text.LCD_Vid_Send_Data
                0x0000000000001010       0x34 LCD_interface.o
                0x0000000000001010                LCD_Vid_Send_Data

.text.ULTRASONIC_Vid_Trig
                0x0000000000001044       0x28
 .text.ULTRASONIC_Vid_Trig
                0x0000000000001044       0x28 ULTRASONIC_interface.o
                0x0000000000001044                ULTRASONIC_Vid_Trig

.text.libgcc.div
                0x000000000000106c       0x28
 .text.libgcc.div
                0x000000000000106c       0x28 c:/program files/microchip/xc8/v2.36/avr/bin/../lib/gcc/avr/5.4.0/avr5/memx-const\libgcc.a(_divmodhi4.o)
                0x000000000000106c                _div
                0x000000000000106c                __divmodhi4

.text.libgcc.div
                0x0000000000001094       0x28
 .text.libgcc.div
                0x0000000000001094       0x28 c:/program files/microchip/xc8/v2.36/avr/bin/../lib/gcc/avr/5.4.0/avr5/memx-const\libgcc.a(_udivmodhi4.o)
                0x0000000000001094                __udivmodhi4

.text.ADC_Vid_Init
                0x00000000000010bc       0x26
 .text.ADC_Vid_Init
                0x00000000000010bc       0x26 ADC_test_interface.o
                0x00000000000010bc                ADC_Vid_Init

.text.ADC_u16_Read
                0x00000000000010e2       0x22
 .text.ADC_u16_Read
                0x00000000000010e2       0x22 ADC_test_interface.o
                0x00000000000010e2                ADC_u16_Read

.text.Send_Enable
                0x0000000000001104       0x22
 .text.Send_Enable
                0x0000000000001104       0x22 LCD_interface.o

.text           0x0000000000001126       0x22
 .text          0x0000000000001126       0x22 c:/program files/microchip/xc8/v2.36/avr/bin/../lib/gcc/avr/5.4.0/../../../../avr/lib/avr5/memx-const\libm.a(fp_round.o)
                0x0000000000001126                __fp_round

.text.DIO_Vid_Set_Port_Dir
                0x0000000000001148       0x20
 .text.DIO_Vid_Set_Port_Dir
                0x0000000000001148       0x20 DIO_interface.o
                0x0000000000001148                DIO_Vid_Set_Port_Dir

.text.ULTRASONIC_Vid_Init
                0x0000000000001168       0x1e
 .text.ULTRASONIC_Vid_Init
                0x0000000000001168       0x1e ULTRASONIC_interface.o
                0x0000000000001168                ULTRASONIC_Vid_Init

.text.libgcc.mul
                0x0000000000001186       0x1e
 .text.libgcc.mul
                0x0000000000001186       0x1e c:/program files/microchip/xc8/v2.36/avr/bin/../lib/gcc/avr/5.4.0/avr5/memx-const\libgcc.a(_umulhisi3.o)
                0x0000000000001186                __umulhisi3

.text.EXT_Vid_Interrupt_Init
                0x00000000000011a4       0x1a
 .text.EXT_Vid_Interrupt_Init
                0x00000000000011a4       0x1a EXT_interface.o
                0x00000000000011a4                EXT_Vid_Interrupt_Init

.text.libgcc.div
                0x00000000000011be       0x18
 .text.libgcc.div
                0x00000000000011be       0x18 c:/program files/microchip/xc8/v2.36/avr/bin/../lib/gcc/avr/5.4.0/avr5/memx-const\libgcc.a(_udivmodqi4.o)
                0x00000000000011be                __udivmodqi4

.text.LCD_Vid_GotoXY
                0x00000000000011d6       0x16
 .text.LCD_Vid_GotoXY
                0x00000000000011d6       0x16 LCD_interface.o
                0x00000000000011d6                LCD_Vid_GotoXY

.text.UART_Vid_Init
                0x00000000000011ec       0x16
 .text.UART_Vid_Init
                0x00000000000011ec       0x16 uart_inteface.o
                0x00000000000011ec                UART_Vid_Init

.text.exit      0x0000000000001202       0x16
 .text.exit     0x0000000000001202       0x16 c:/program files/microchip/xc8/v2.36/avr/bin/../lib/gcc/avr/5.4.0/../../../../avr/lib/avr5/memx-const\libc.a(exit.o)
                0x0000000000001202                exit

.text.__vector_3
                0x0000000000001218       0x14
 .text.__vector_3
                0x0000000000001218       0x14 EXT_interface.o
                0x0000000000001218                __vector_3

.text           0x000000000000122c        0xe
 .text          0x000000000000122c        0xe c:/program files/microchip/xc8/v2.36/avr/bin/../lib/gcc/avr/5.4.0/../../../../avr/lib/avr5/memx-const\libm.a(fp_pscA.o)
                0x000000000000122c                __fp_pscA

.text           0x000000000000123a        0xe
 .text          0x000000000000123a        0xe c:/program files/microchip/xc8/v2.36/avr/bin/../lib/gcc/avr/5.4.0/../../../../avr/lib/avr5/memx-const\libm.a(fp_pscB.o)
                0x000000000000123a                __fp_pscB

.text           0x0000000000001248        0xe
 .text          0x0000000000001248        0xe c:/program files/microchip/xc8/v2.36/avr/bin/../lib/gcc/avr/5.4.0/../../../../avr/lib/avr5/memx-const\libm.a(fp_zero.o)
                0x0000000000001248                __fp_zero
                0x000000000000124a                __fp_szero

.text.buzzer_vid_init
                0x0000000000001256        0xc
 .text.buzzer_vid_init
                0x0000000000001256        0xc buzzer_interface.o
                0x0000000000001256                buzzer_vid_init

.text.buzzer_vid_on
                0x0000000000001262        0xc
 .text.buzzer_vid_on
                0x0000000000001262        0xc buzzer_interface.o
                0x0000000000001262                buzzer_vid_on

.text.buzzer_vid_off
                0x000000000000126e        0xc
 .text.buzzer_vid_off
                0x000000000000126e        0xc buzzer_interface.o
                0x000000000000126e                buzzer_vid_off

.text           0x000000000000127a        0xc
 .text          0x000000000000127a        0xc c:/program files/microchip/xc8/v2.36/avr/bin/../lib/gcc/avr/5.4.0/../../../../avr/lib/avr5/memx-const\libm.a(fp_inf.o)
                0x000000000000127a                __fp_inf

.text.EXT_Vid_Enable_Interrupt0
                0x0000000000001286        0x8
 .text.EXT_Vid_Enable_Interrupt0
                0x0000000000001286        0x8 EXT_interface.o
                0x0000000000001286                EXT_Vid_Enable_Interrupt0

.text.GIE_Vid_Interrupt_Enable
                0x000000000000128e        0x8
 .text.GIE_Vid_Interrupt_Enable
                0x000000000000128e        0x8 GIE_interface.o
                0x000000000000128e                GIE_Vid_Interrupt_Enable

.text.UART_u8_RX
                0x0000000000001296        0x8
 .text.UART_u8_RX
                0x0000000000001296        0x8 uart_inteface.o
                0x0000000000001296                UART_u8_RX

.text           0x000000000000129e        0x8
 .text          0x000000000000129e        0x8 c:/program files/microchip/xc8/v2.36/avr/bin/../lib/gcc/avr/5.4.0/../../../../avr/lib/avr5/memx-const\libm.a(mulsf3.o)
                0x000000000000129e                __mulsf3

.text.Tim1_Vid_Set_Compare_Val
                0x00000000000012a6        0x6
 .text.Tim1_Vid_Set_Compare_Val
                0x00000000000012a6        0x6 Tim1_interface.o
                0x00000000000012a6                Tim1_Vid_Set_Compare_Val

.text           0x00000000000012ac        0x6
 .text          0x00000000000012ac        0x6 c:/program files/microchip/xc8/v2.36/avr/bin/../lib/gcc/avr/5.4.0/../../../../avr/lib/avr5/memx-const\libm.a(fp_nan.o)
                0x00000000000012ac                __fp_nan

.text           0x00000000000012b2        0x4
 .text          0x00000000000012b2        0x4 C:/Program Files (x86)/Atmel/Studio/7.0/Packs/atmel/ATmega_DFP/1.7.374/xc8/avr/lib/avr5/memx-const/crtatmega32.o
                0x00000000000012b2                __vector_12
                0x00000000000012b2                __bad_interrupt
                0x00000000000012b2                __vector_6
                0x00000000000012b2                __vector_13
                0x00000000000012b2                __vector_17
                0x00000000000012b2                __vector_19
                0x00000000000012b2                __vector_7
                0x00000000000012b2                __vector_5
                0x00000000000012b2                __vector_4
                0x00000000000012b2                __vector_9
                0x00000000000012b2                __vector_2
                0x00000000000012b2                __vector_15
                0x00000000000012b2                __vector_8
                0x00000000000012b2                __vector_14
                0x00000000000012b2                __vector_10
                0x00000000000012b2                __vector_16
                0x00000000000012b2                __vector_18
                0x00000000000012b2                __vector_20

.text._Exit     0x00000000000012b6        0x4
 .text._Exit    0x00000000000012b6        0x4 c:/program files/microchip/xc8/v2.36/avr/bin/../lib/gcc/avr/5.4.0/../../../../avr/lib/avr5/memx-const\libc.a(_Exit.o)
                0x00000000000012b6                _Exit

.text.__dummy_fini
                0x00000000000012ba        0x2
 .text.__dummy_fini
                0x00000000000012ba        0x2 c:/program files/microchip/xc8/v2.36/avr/bin/../lib/gcc/avr/5.4.0/../../../../avr/lib/avr5/memx-const\libc.a(exit.o)
                0x00000000000012ba                _fini

.text.__dummy_funcs_on_exit
                0x00000000000012bc        0x2
 .text.__dummy_funcs_on_exit
                0x00000000000012bc        0x2 c:/program files/microchip/xc8/v2.36/avr/bin/../lib/gcc/avr/5.4.0/../../../../avr/lib/avr5/memx-const\libc.a(exit.o)
                0x00000000000012bc                __funcs_on_exit

.text.__dummy_simulator_exit
                0x00000000000012be        0x2
 .text.__dummy_simulator_exit
                0x00000000000012be        0x2 c:/program files/microchip/xc8/v2.36/avr/bin/../lib/gcc/avr/5.4.0/../../../../avr/lib/avr5/memx-const\libc.a(exit.o)
                0x00000000000012be                __simulator_exit

.data.KEYPAD_Data
                0x0000000000800063       0x10 load address 0x00000000000012c0
 .data.KEYPAD_Data
                0x0000000000800063       0x10 KEYPAD_interface.o
                0x0000000000800063                KEYPAD_Data
